// Jest Snapshot v1, https://goo.gl/fbAQLP

exports[`BlogSummaryView element is rendered 1`] = `
<div>
  <div>
    <img
      height="150"
      src="https://www.komododigital.co.uk/static/media/logo.50a4b652.svg"
      width="300"
    />
  </div>
  <h1 />
  <span>
    22 September 2018
  </span>
</div>
`;
