// Jest Snapshot v1, https://goo.gl/fbAQLP

exports[`BlogPost element is rendered 1`] = `
<div>
  BlogPost
</div>
`;
