// Jest Snapshot v1, https://goo.gl/fbAQLP

exports[`CaseStudySection element is rendered 1`] = `
<div>
  CaseStudySection
</div>
`;
