// Jest Snapshot v1, https://goo.gl/fbAQLP

exports[`ContactSection element is rendered 1`] = `
<div
  className="komodoGridWrapper contactsection-wrapper"
>
  <div
    className="contactsection"
  />
</div>
`;
