// Jest Snapshot v1, https://goo.gl/fbAQLP

exports[`ContentSection element is rendered 1`] = `
<div
  className="komodoGridWrapper cs-wrapper  "
  style={
    Object {
      "background": "none",
    }
  }
>
  <div
    className="Content-Section"
  >
    <span>
      Testy
    </span>
    <h2>
      Test
    </h2>
    <div>
      <p>
        Test
      </p>
    </div>
  </div>
</div>
`;
