// Jest Snapshot v1, https://goo.gl/fbAQLP

exports[`Footer element is rendered 1`] = `
<div>
  Footer
</div>
`;
