// Jest Snapshot v1, https://goo.gl/fbAQLP

exports[`GridItem element is rendered 1`] = `
<div>
  <div>
    IMAGE
  </div>
  <h3 />
  <p />
</div>
`;
