// Jest Snapshot v1, https://goo.gl/fbAQLP

exports[`Metric element is rendered 1`] = `
<div>
  Metric
</div>
`;
