// Jest Snapshot v1, https://goo.gl/fbAQLP

exports[`SeeMoreButton element is rendered 1`] = `
<div>
  SeeMoreButton
</div>
`;
