// Jest Snapshot v1, https://goo.gl/fbAQLP

exports[`Services element is rendered 1`] = `
<div
  className="komodoGridWrapper services"
/>
`;
