// Jest Snapshot v1, https://goo.gl/fbAQLP

exports[`Vcard element is rendered 1`] = `
<div
  className="vcard"
>
  <div
    className=" gatsby-image-wrapper"
    style={
      Object {
        "display": "inline-block",
        "height": 29,
        "overflow": "hidden",
        "position": "relative",
        "width": 170,
      }
    }
  >
    
    <picture>
      
      <source
        srcSet=""
      />
      <img
        alt=""
        height={29}
        onLoad={[Function]}
        src=""
        style={
          Object {
            "height": "100%",
            "left": 0,
            "objectFit": "cover",
            "objectPosition": "center",
            "opacity": 1,
            "position": "absolute",
            "top": 0,
            "transition": "opacity 0.5s",
            "width": "100%",
          }
        }
        width={170}
      />
    </picture>
    <noscript
      dangerouslySetInnerHTML={
        Object {
          "__html": "<picture><img width=\\"170\\" height=\\"29\\" src=\\"\\" alt=\\"\\" style=\\"position:absolute;top:0;left:0;transition:opacity 0.5s;transition-delay:0.5s;opacity:1;width:100%;height:100%;object-fit:cover;object-position:center\\"/></picture>",
        }
      }
    />
  </div>
  <div>
    <h1>
      Armin Talic
    </h1>
    <h2>
      Commercial Director
    </h2>
  </div>
</div>
`;
